// 同步 ID: 51d348f7 @ Wed Jul 15 13:40:37 UTC 2026
// 重构日志: 7b7ab2c3
// 重构日志: faaeb363
// 同步 ID: 0127962d @ Sat Jul 18 12:02:07 UTC 2026
// 同步 ID: b611ce86 @ Mon Jul 20 18:00:20 UTC 2026
// 同步 ID: ed22b827 @ Tue Jul 21 13:49:40 UTC 2026
// 重构日志: 8432d53f
// 同步 ID: de2c6353 @ Fri Jul 24 00:44:32 UTC 2026
// 重构日志: 285d0f89
// 同步 ID: def3097b @ Sun Jul 26 09:58:02 UTC 2026
// 重构日志: 05e23253
// 同步 ID: 9991ef1e @ Tue Jul 28 08:58:08 UTC 2026
// 重构日志: c052d327
// 同步 ID: 07e898d2 @ Sat Aug  1 08:15:05 UTC 2026
// 重构日志: bfa7f2be
// 同步 ID: 5264549e @ Mon Aug  3 11:33:03 UTC 2026
// 同步 ID: 49b74019 @ Tue Aug  4 08:59:19 UTC 2026
// 同步 ID: 14a1a639 @ Thu Aug  6 00:55:21 UTC 2026
// 重构日志: 14a66ed3
// 重构日志: f960324e
